python : C:\Users\fr
aza\.gemini\antigrav
ity\Epstein_files_RA
G\test_rag.py:14: La
ngChainDeprecationWa
rning: The class `Hu
ggingFaceEmbeddings`
 was deprecated in 
LangChain 0.2.2 and 
will be removed in 
1.0. An updated 
version of the 
class exists in the 
`langchain-huggingfa
ce package and 
should be used 
instead. To use it 
run `pip install -U 
`langchain-huggingfa
ce` and import as 
`from `langchain_hug
gingface import Hugg
ingFaceEmbeddings``.
At line:1 char:84
+ ... n\Python310\si
te-packages"; 
python test_rag.py 
> test_output.txt 
2>&1
+                   
              ~~~~~~
~~~~~~~~~~~~~~~~~~~~
~~~~~~~~~~~~~~~
    + CategoryInfo  
            : NotS  
  pecified: (C:\U   
 sers\fraza\...c    
eEmbeddings``.:    
String) [], Rem    
oteException
    + FullyQualifie 
   dErrorId : Nati  
  veCommandError
 
  embeddings = Huggi
ngFaceEmbeddings(mod
el_name="sentence-tr
ansformers/all-MiniL
M-L6-v2")
Warning: You are 
sending 
unauthenticated 
requests to the HF 
Hub. Please set a 
HF_TOKEN to enable 
higher rate limits 
and faster 
downloads.
Loading vector store from chroma_db...

Loading weights:   
0%|          | 
0/103 [00:00<?, 
?it/s]
Loading weights:   
1%|          | 
1/103 [00:00<?, 
?it/s, 
Materializing param=
embeddings.LayerNorm
.bias]
Loading weights:   
1%|          | 
1/103 [00:00<?, 
?it/s, 
Materializing param=
embeddings.LayerNorm
.bias]
Loading weights:   
2%|1         | 
2/103 [00:00<00:00, 
3949.44it/s, 
Materializing param=
embeddings.LayerNorm
.weight]
Loading weights:   
2%|1         | 
2/103 [00:00<00:00, 
3949.44it/s, 
Materializing param=
embeddings.LayerNorm
.weight]
Loading weights:   
3%|2         | 
3/103 [00:00<00:00, 
1980.31it/s, 
Materializing param=
embeddings.position_
embeddings.weight]
Loading weights:   
3%|2         | 
3/103 [00:00<00:00, 
1980.31it/s, 
Materializing param=
embeddings.position_
embeddings.weight]
Loading weights:   
4%|3         | 
4/103 [00:00<00:00, 
2640.42it/s, 
Materializing param=
embeddings.token_typ
e_embeddings.weight]
Loading weights:   
4%|3         | 
4/103 [00:00<00:00, 
2640.42it/s, 
Materializing param=
embeddings.token_typ
e_embeddings.weight]
Loading weights:   
5%|4         | 
5/103 [00:00<00:00, 
1985.94it/s, 
Materializing param=
embeddings.word_embe
ddings.weight]      
Loading weights:   
5%|4         | 
5/103 [00:00<00:00, 
1985.94it/s, 
Materializing param=
embeddings.word_embe
ddings.weight]
Loading weights:   
6%|5         | 
6/103 [00:00<00:00, 
2383.13it/s, 
Materializing param=
encoder.layer.0.atte
ntion.output.LayerNo
rm.bias]
Loading weights:   
6%|5         | 
6/103 [00:00<00:00, 
2383.13it/s, 
Materializing param=
encoder.layer.0.atte
ntion.output.LayerNo
rm.bias]
Loading weights:   
7%|6         | 
7/103 [00:00<00:00, 
1754.83it/s, 
Materializing param=
encoder.layer.0.atte
ntion.output.LayerNo
rm.weight]
Loading weights:   
7%|6         | 
7/103 [00:00<00:00, 
1754.83it/s, 
Materializing param=
encoder.layer.0.atte
ntion.output.LayerNo
rm.weight]
Loading weights:   
8%|7         | 
8/103 [00:00<00:00, 
1604.02it/s, 
Materializing param=
encoder.layer.0.atte
ntion.output.dense.b
ias]      
Loading weights:   
8%|7         | 
8/103 [00:00<00:00, 
1604.02it/s, 
Materializing param=
encoder.layer.0.atte
ntion.output.dense.b
ias]
Loading weights:   
9%|8         | 
9/103 [00:00<00:00, 
1501.84it/s, 
Materializing param=
encoder.layer.0.atte
ntion.output.dense.w
eight]
Loading weights:   
9%|8         | 
9/103 [00:00<00:00, 
1501.84it/s, 
Materializing param=
encoder.layer.0.atte
ntion.output.dense.w
eight]
Loading weights:  
10%|9         | 
10/103 
[00:00<00:00, 
1668.71it/s, 
Materializing param=
encoder.layer.0.atte
ntion.self.key.bias]
     
Loading weights:  
10%|9         | 
10/103 
[00:00<00:00, 
1668.71it/s, 
Materializing param=
encoder.layer.0.atte
ntion.self.key.bias]
Loading weights:  
11%|#         | 
11/103 
[00:00<00:00, 
1835.58it/s, 
Materializing param=
encoder.layer.0.atte
ntion.self.key.weigh
t]
Loading weights:  
11%|#         | 
11/103 
[00:00<00:00, 
1835.58it/s, 
Materializing param=
encoder.layer.0.atte
ntion.self.key.weigh
t]
Loading weights:  
12%|#1        | 
12/103 
[00:00<00:00, 
1717.45it/s, 
Materializing param=
encoder.layer.0.atte
ntion.self.query.bia
s]
Loading weights:  
12%|#1        | 
12/103 
[00:00<00:00, 
1717.45it/s, 
Materializing param=
encoder.layer.0.atte
ntion.self.query.bia
s]
Loading weights:  
13%|#2        | 
13/103 
[00:00<00:00, 
1627.88it/s, 
Materializing param=
encoder.layer.0.atte
ntion.self.query.wei
ght]
Loading weights:  
13%|#2        | 
13/103 
[00:00<00:00, 
1627.88it/s, 
Materializing param=
encoder.layer.0.atte
ntion.self.query.wei
ght]
Loading weights:  
14%|#3        | 
14/103 
[00:00<00:00, 
1753.11it/s, 
Materializing param=
encoder.layer.0.atte
ntion.self.value.bia
s]  
Loading weights:  
14%|#3        | 
14/103 
[00:00<00:00, 
1753.11it/s, 
Materializing param=
encoder.layer.0.atte
ntion.self.value.bia
s]
Loading weights:  
15%|#4        | 
15/103 
[00:00<00:00, 
1669.31it/s, 
Materializing param=
encoder.layer.0.atte
ntion.self.value.wei
ght]
Loading weights:  
15%|#4        | 
15/103 
[00:00<00:00, 
1669.31it/s, 
Materializing param=
encoder.layer.0.atte
ntion.self.value.wei
ght]
Loading weights:  
16%|#5        | 
16/103 
[00:00<00:00, 
1780.60it/s, 
Materializing param=
encoder.layer.0.inte
rmediate.dense.bias]
    
Loading weights:  
16%|#5        | 
16/103 
[00:00<00:00, 
1552.30it/s, 
Materializing param=
encoder.layer.0.inte
rmediate.dense.bias]
Loading weights:  
17%|#6        | 
17/103 
[00:00<00:00, 
1350.90it/s, 
Materializing param=
encoder.layer.0.inte
rmediate.dense.weigh
t]
Loading weights:  
17%|#6        | 
17/103 
[00:00<00:00, 
1095.30it/s, 
Materializing param=
encoder.layer.0.inte
rmediate.dense.weigh
t]
Loading weights:  
17%|#7        | 
18/103 
[00:00<00:00, 
1122.62it/s, 
Materializing param=
encoder.layer.0.outp
ut.LayerNorm.bias]  
  
Loading weights:  
17%|#7        | 
18/103 
[00:00<00:00, 
1122.62it/s, 
Materializing param=
encoder.layer.0.outp
ut.LayerNorm.bias]
Loading weights:  
18%|#8        | 
19/103 
[00:00<00:00, 
1184.99it/s, 
Materializing param=
encoder.layer.0.outp
ut.LayerNorm.weight]
Loading weights:  
18%|#8        | 
19/103 
[00:00<00:00, 
1184.99it/s, 
Materializing param=
encoder.layer.0.outp
ut.LayerNorm.weight]
Loading weights:  
19%|#9        | 
20/103 
[00:00<00:00, 
1247.36it/s, 
Materializing param=
encoder.layer.0.outp
ut.dense.bias]      
Loading weights:  
19%|#9        | 
20/103 
[00:00<00:00, 
1247.36it/s, 
Materializing param=
encoder.layer.0.outp
ut.dense.bias]
Loading weights:  
20%|##        | 
21/103 
[00:00<00:00, 
1232.08it/s, 
Materializing param=
encoder.layer.0.outp
ut.dense.weight]
Loading weights:  
20%|##        | 
21/103 
[00:00<00:00, 
1163.91it/s, 
Materializing param=
encoder.layer.0.outp
ut.dense.weight]
Loading weights:  
21%|##1       | 
22/103 
[00:00<00:00, 
1219.34it/s, 
Materializing param=
encoder.layer.1.atte
ntion.output.LayerNo
rm.bias]
Loading weights:  
21%|##1       | 
22/103 
[00:00<00:00, 
1097.53it/s, 
Materializing param=
encoder.layer.1.atte
ntion.output.LayerNo
rm.bias]
Loading weights:  
22%|##2       | 
23/103 
[00:00<00:00, 
1147.42it/s, 
Materializing param=
encoder.layer.1.atte
ntion.output.LayerNo
rm.weight]
Loading weights:  
22%|##2       | 
23/103 
[00:00<00:00, 
1093.03it/s, 
Materializing param=
encoder.layer.1.atte
ntion.output.LayerNo
rm.weight]
Loading weights:  
23%|##3       | 
24/103 
[00:00<00:00, 
1140.56it/s, 
Materializing param=
encoder.layer.1.atte
ntion.output.dense.b
ias]      
Loading weights:  
23%|##3       | 
24/103 
[00:00<00:00, 
1113.48it/s, 
Materializing param=
encoder.layer.1.atte
ntion.output.dense.b
ias]
Loading weights:  
24%|##4       | 
25/103 
[00:00<00:00, 
1159.88it/s, 
Materializing param=
encoder.layer.1.atte
ntion.output.dense.w
eight]
Loading weights:  
24%|##4       | 
25/103 
[00:00<00:00, 
1159.88it/s, 
Materializing param=
encoder.layer.1.atte
ntion.output.dense.w
eight]
Loading weights:  
25%|##5       | 
26/103 
[00:00<00:00, 
1206.27it/s, 
Materializing param=
encoder.layer.1.atte
ntion.self.key.bias]
      
Loading weights:  
25%|##5       | 
26/103 
[00:00<00:00, 
1152.29it/s, 
Materializing param=
encoder.layer.1.atte
ntion.self.key.bias]
Loading weights:  
26%|##6       | 
27/103 
[00:00<00:00, 
1145.80it/s, 
Materializing param=
encoder.layer.1.atte
ntion.self.key.weigh
t]
Loading weights:  
26%|##6       | 
27/103 
[00:00<00:00, 
1145.80it/s, 
Materializing param=
encoder.layer.1.atte
ntion.self.key.weigh
t]
Loading weights:  
27%|##7       | 
28/103 
[00:00<00:00, 
1188.24it/s, 
Materializing param=
encoder.layer.1.atte
ntion.self.query.bia
s]
Loading weights:  
27%|##7       | 
28/103 
[00:00<00:00, 
1139.89it/s, 
Materializing param=
encoder.layer.1.atte
ntion.self.query.bia
s]
Loading weights:  
28%|##8       | 
29/103 
[00:00<00:00, 
997.54it/s, 
Materializing param=
encoder.layer.1.atte
ntion.self.query.wei
ght]
Loading weights:  
28%|##8       | 
29/103 
[00:00<00:00, 
997.54it/s, 
Materializing param=
encoder.layer.1.atte
ntion.self.query.wei
ght]
Loading weights:  
29%|##9       | 
30/103 
[00:00<00:00, 
1031.94it/s, 
Materializing param=
encoder.layer.1.atte
ntion.self.value.bia
s] 
Loading weights:  
29%|##9       | 
30/103 
[00:00<00:00, 
1031.94it/s, 
Materializing param=
encoder.layer.1.atte
ntion.self.value.bia
s]
Loading weights:  
30%|###       | 
31/103 
[00:00<00:00, 
1030.57it/s, 
Materializing param=
encoder.layer.1.atte
ntion.self.value.wei
ght]
Loading weights:  
30%|###       | 
31/103 
[00:00<00:00, 
1030.57it/s, 
Materializing param=
encoder.layer.1.atte
ntion.self.value.wei
ght]
Loading weights:  
31%|###1      | 
32/103 
[00:00<00:00, 
1052.96it/s, 
Materializing param=
encoder.layer.1.inte
rmediate.dense.bias]
    
Loading weights:  
31%|###1      | 
32/103 
[00:00<00:00, 
1052.96it/s, 
Materializing param=
encoder.layer.1.inte
rmediate.dense.bias]
Loading weights:  
32%|###2      | 
33/103 
[00:00<00:00, 
1085.87it/s, 
Materializing param=
encoder.layer.1.inte
rmediate.dense.weigh
t]
Loading weights:  
32%|###2      | 
33/103 
[00:00<00:00, 
1085.87it/s, 
Materializing param=
encoder.layer.1.inte
rmediate.dense.weigh
t]
Loading weights:  
33%|###3      | 
34/103 
[00:00<00:00, 
1118.77it/s, 
Materializing param=
encoder.layer.1.outp
ut.LayerNorm.bias]  
  
Loading weights:  
33%|###3      | 
34/103 
[00:00<00:00, 
1118.77it/s, 
Materializing param=
encoder.layer.1.outp
ut.LayerNorm.bias]
Loading weights:  
34%|###3      | 
35/103 
[00:00<00:00, 
1132.76it/s, 
Materializing param=
encoder.layer.1.outp
ut.LayerNorm.weight]
Loading weights:  
34%|###3      | 
35/103 
[00:00<00:00, 
1132.76it/s, 
Materializing param=
encoder.layer.1.outp
ut.LayerNorm.weight]
Loading weights:  
35%|###4      | 
36/103 
[00:00<00:00, 
1165.13it/s, 
Materializing param=
encoder.layer.1.outp
ut.dense.bias]      
Loading weights:  
35%|###4      | 
36/103 
[00:00<00:00, 
1165.13it/s, 
Materializing param=
encoder.layer.1.outp
ut.dense.bias]
Loading weights:  
36%|###5      | 
37/103 
[00:00<00:00, 
1197.49it/s, 
Materializing param=
encoder.layer.1.outp
ut.dense.weight]
Loading weights:  
36%|###5      | 
37/103 
[00:00<00:00, 
1197.49it/s, 
Materializing param=
encoder.layer.1.outp
ut.dense.weight]
Loading weights:  
37%|###6      | 
38/103 
[00:00<00:00, 
1229.86it/s, 
Materializing param=
encoder.layer.2.atte
ntion.output.LayerNo
rm.bias]
Loading weights:  
37%|###6      | 
38/103 
[00:00<00:00, 
1229.86it/s, 
Materializing param=
encoder.layer.2.atte
ntion.output.LayerNo
rm.bias]
Loading weights:  
38%|###7      | 
39/103 
[00:00<00:00, 
1262.22it/s, 
Materializing param=
encoder.layer.2.atte
ntion.output.LayerNo
rm.weight]
Loading weights:  
38%|###7      | 
39/103 
[00:00<00:00, 
1262.22it/s, 
Materializing param=
encoder.layer.2.atte
ntion.output.LayerNo
rm.weight]
Loading weights:  
39%|###8      | 
40/103 
[00:00<00:00, 
1294.59it/s, 
Materializing param=
encoder.layer.2.atte
ntion.output.dense.b
ias]      
Loading weights:  
39%|###8      | 
40/103 
[00:00<00:00, 
1294.59it/s, 
Materializing param=
encoder.layer.2.atte
ntion.output.dense.b
ias]
Loading weights:  
40%|###9      | 
41/103 
[00:00<00:00, 
1326.95it/s, 
Materializing param=
encoder.layer.2.atte
ntion.output.dense.w
eight]
Loading weights:  
40%|###9      | 
41/103 
[00:00<00:00, 
1285.01it/s, 
Materializing param=
encoder.layer.2.atte
ntion.output.dense.w
eight]
Loading weights:  
41%|####      | 
42/103 
[00:00<00:00, 
1316.35it/s, 
Materializing param=
encoder.layer.2.atte
ntion.self.key.bias]
      
Loading weights:  
41%|####      | 
42/103 
[00:00<00:00, 
1316.35it/s, 
Materializing param=
encoder.layer.2.atte
ntion.self.key.bias]
Loading weights:  
42%|####1     | 
43/103 
[00:00<00:00, 
1347.69it/s, 
Materializing param=
encoder.layer.2.atte
ntion.self.key.weigh
t]
Loading weights:  
42%|####1     | 
43/103 
[00:00<00:00, 
1347.69it/s, 
Materializing param=
encoder.layer.2.atte
ntion.self.key.weigh
t]
Loading weights:  
43%|####2     | 
44/103 
[00:00<00:00, 
1379.04it/s, 
Materializing param=
encoder.layer.2.atte
ntion.self.query.bia
s]
Loading weights:  
43%|####2     | 
44/103 
[00:00<00:00, 
1379.04it/s, 
Materializing param=
encoder.layer.2.atte
ntion.self.query.bia
s]
Loading weights:  
44%|####3     | 
45/103 
[00:00<00:00, 
1410.38it/s, 
Materializing param=
encoder.layer.2.atte
ntion.self.query.wei
ght]
Loading weights:  
44%|####3     | 
45/103 
[00:00<00:00, 
1410.38it/s, 
Materializing param=
encoder.layer.2.atte
ntion.self.query.wei
ght]
Loading weights:  
45%|####4     | 
46/103 
[00:00<00:00, 
1441.72it/s, 
Materializing param=
encoder.layer.2.atte
ntion.self.value.bia
s]  
Loading weights:  
45%|####4     | 
46/103 
[00:00<00:00, 
1213.59it/s, 
Materializing param=
encoder.layer.2.atte
ntion.self.value.bia
s]
Loading weights:  
46%|####5     | 
47/103 
[00:00<00:00, 
1208.07it/s, 
Materializing param=
encoder.layer.2.atte
ntion.self.value.wei
ght]
Loading weights:  
46%|####5     | 
47/103 
[00:00<00:00, 
1208.07it/s, 
Materializing param=
encoder.layer.2.atte
ntion.self.value.wei
ght]
Loading weights:  
47%|####6     | 
48/103 
[00:00<00:00, 
1233.77it/s, 
Materializing param=
encoder.layer.2.inte
rmediate.dense.bias]
    
Loading weights:  
47%|####6     | 
48/103 
[00:00<00:00, 
1233.77it/s, 
Materializing param=
encoder.layer.2.inte
rmediate.dense.bias]
Loading weights:  
48%|####7     | 
49/103 
[00:00<00:00, 
1259.47it/s, 
Materializing param=
encoder.layer.2.inte
rmediate.dense.weigh
t]
Loading weights:  
48%|####7     | 
49/103 
[00:00<00:00, 
1259.47it/s, 
Materializing param=
encoder.layer.2.inte
rmediate.dense.weigh
t]
Loading weights:  
49%|####8     | 
50/103 
[00:00<00:00, 
1285.18it/s, 
Materializing param=
encoder.layer.2.outp
ut.LayerNorm.bias]  
  
Loading weights:  
49%|####8     | 
50/103 
[00:00<00:00, 
1285.18it/s, 
Materializing param=
encoder.layer.2.outp
ut.LayerNorm.bias]
Loading weights:  
50%|####9     | 
51/103 
[00:00<00:00, 
1310.88it/s, 
Materializing param=
encoder.layer.2.outp
ut.LayerNorm.weight]
Loading weights:  
50%|####9     | 
51/103 
[00:00<00:00, 
1310.88it/s, 
Materializing param=
encoder.layer.2.outp
ut.LayerNorm.weight]
Loading weights:  
50%|#####     | 
52/103 
[00:00<00:00, 
1303.15it/s, 
Materializing param=
encoder.layer.2.outp
ut.dense.bias]      
Loading weights:  
50%|#####     | 
52/103 
[00:00<00:00, 
1303.15it/s, 
Materializing param=
encoder.layer.2.outp
ut.dense.bias]
Loading weights:  
51%|#####1    | 
53/103 
[00:00<00:00, 
1328.22it/s, 
Materializing param=
encoder.layer.2.outp
ut.dense.weight]
Loading weights:  
51%|#####1    | 
53/103 
[00:00<00:00, 
1328.22it/s, 
Materializing param=
encoder.layer.2.outp
ut.dense.weight]
Loading weights:  
52%|#####2    | 
54/103 
[00:00<00:00, 
1353.28it/s, 
Materializing param=
encoder.layer.3.atte
ntion.output.LayerNo
rm.bias]
Loading weights:  
52%|#####2    | 
54/103 
[00:00<00:00, 
1353.28it/s, 
Materializing param=
encoder.layer.3.atte
ntion.output.LayerNo
rm.bias]
Loading weights:  
53%|#####3    | 
55/103 
[00:00<00:00, 
1378.34it/s, 
Materializing param=
encoder.layer.3.atte
ntion.output.LayerNo
rm.weight]
Loading weights:  
53%|#####3    | 
55/103 
[00:00<00:00, 
1378.34it/s, 
Materializing param=
encoder.layer.3.atte
ntion.output.LayerNo
rm.weight]
Loading weights:  
54%|#####4    | 
56/103 
[00:00<00:00, 
1369.06it/s, 
Materializing param=
encoder.layer.3.atte
ntion.output.dense.b
ias]      
Loading weights:  
54%|#####4    | 
56/103 
[00:00<00:00, 
1369.06it/s, 
Materializing param=
encoder.layer.3.atte
ntion.output.dense.b
ias]
Loading weights:  
55%|#####5    | 
57/103 
[00:00<00:00, 
1393.51it/s, 
Materializing param=
encoder.layer.3.atte
ntion.output.dense.w
eight]
Loading weights:  
55%|#####5    | 
57/103 
[00:00<00:00, 
1393.51it/s, 
Materializing param=
encoder.layer.3.atte
ntion.output.dense.w
eight]
Loading weights:  
56%|#####6    | 
58/103 
[00:00<00:00, 
1417.95it/s, 
Materializing param=
encoder.layer.3.atte
ntion.self.key.bias]
      
Loading weights:  
56%|#####6    | 
58/103 
[00:00<00:00, 
1417.95it/s, 
Materializing param=
encoder.layer.3.atte
ntion.self.key.bias]
Loading weights:  
57%|#####7    | 
59/103 
[00:00<00:00, 
1442.40it/s, 
Materializing param=
encoder.layer.3.atte
ntion.self.key.weigh
t]
Loading weights:  
57%|#####7    | 
59/103 
[00:00<00:00, 
1442.40it/s, 
Materializing param=
encoder.layer.3.atte
ntion.self.key.weigh
t]
Loading weights:  
58%|#####8    | 
60/103 
[00:00<00:00, 
1466.85it/s, 
Materializing param=
encoder.layer.3.atte
ntion.self.query.bia
s]
Loading weights:  
58%|#####8    | 
60/103 
[00:00<00:00, 
1466.85it/s, 
Materializing param=
encoder.layer.3.atte
ntion.self.query.bia
s]
Loading weights:  
59%|#####9    | 
61/103 
[00:00<00:00, 
1491.30it/s, 
Materializing param=
encoder.layer.3.atte
ntion.self.query.wei
ght]
Loading weights:  
59%|#####9    | 
61/103 
[00:00<00:00, 
1491.30it/s, 
Materializing param=
encoder.layer.3.atte
ntion.self.query.wei
ght]
Loading weights:  
60%|######    | 
62/103 
[00:00<00:00, 
1515.74it/s, 
Materializing param=
encoder.layer.3.atte
ntion.self.value.bia
s]  
Loading weights:  
60%|######    | 
62/103 
[00:00<00:00, 
1515.74it/s, 
Materializing param=
encoder.layer.3.atte
ntion.self.value.bia
s]
Loading weights:  
61%|######1   | 
63/103 
[00:00<00:00, 
1540.19it/s, 
Materializing param=
encoder.layer.3.atte
ntion.self.value.wei
ght]
Loading weights:  
61%|######1   | 
63/103 
[00:00<00:00, 
1540.19it/s, 
Materializing param=
encoder.layer.3.atte
ntion.self.value.wei
ght]
Loading weights:  
62%|######2   | 
64/103 
[00:00<00:00, 
1564.64it/s, 
Materializing param=
encoder.layer.3.inte
rmediate.dense.bias]
    
Loading weights:  
62%|######2   | 
64/103 
[00:00<00:00, 
1564.64it/s, 
Materializing param=
encoder.layer.3.inte
rmediate.dense.bias]
Loading weights:  
63%|######3   | 
65/103 
[00:00<00:00, 
1532.70it/s, 
Materializing param=
encoder.layer.3.inte
rmediate.dense.weigh
t]
Loading weights:  
63%|######3   | 
65/103 
[00:00<00:00, 
1532.70it/s, 
Materializing param=
encoder.layer.3.inte
rmediate.dense.weigh
t]
Loading weights:  
64%|######4   | 
66/103 
[00:00<00:00, 
1556.28it/s, 
Materializing param=
encoder.layer.3.outp
ut.LayerNorm.bias]  
  
Loading weights:  
64%|######4   | 
66/103 
[00:00<00:00, 
1556.28it/s, 
Materializing param=
encoder.layer.3.outp
ut.LayerNorm.bias]
Loading weights:  
65%|######5   | 
67/103 
[00:00<00:00, 
1579.86it/s, 
Materializing param=
encoder.layer.3.outp
ut.LayerNorm.weight]
Loading weights:  
65%|######5   | 
67/103 
[00:00<00:00, 
1579.86it/s, 
Materializing param=
encoder.layer.3.outp
ut.LayerNorm.weight]
Loading weights:  
66%|######6   | 
68/103 
[00:00<00:00, 
1603.44it/s, 
Materializing param=
encoder.layer.3.outp
ut.dense.bias]      
Loading weights:  
66%|######6   | 
68/103 
[00:00<00:00, 
1603.44it/s, 
Materializing param=
encoder.layer.3.outp
ut.dense.bias]
Loading weights:  
67%|######6   | 
69/103 
[00:00<00:00, 
1627.02it/s, 
Materializing param=
encoder.layer.3.outp
ut.dense.weight]
Loading weights:  
67%|######6   | 
69/103 
[00:00<00:00, 
1627.02it/s, 
Materializing param=
encoder.layer.3.outp
ut.dense.weight]
Loading weights:  
68%|######7   | 
70/103 
[00:00<00:00, 
1650.60it/s, 
Materializing param=
encoder.layer.4.atte
ntion.output.LayerNo
rm.bias]
Loading weights:  
68%|######7   | 
70/103 
[00:00<00:00, 
1650.60it/s, 
Materializing param=
encoder.layer.4.atte
ntion.output.LayerNo
rm.bias]
Loading weights:  
69%|######8   | 
71/103 
[00:00<00:00, 
1674.18it/s, 
Materializing param=
encoder.layer.4.atte
ntion.output.LayerNo
rm.weight]
Loading weights:  
69%|######8   | 
71/103 
[00:00<00:00, 
1674.18it/s, 
Materializing param=
encoder.layer.4.atte
ntion.output.LayerNo
rm.weight]
Loading weights:  
70%|######9   | 
72/103 
[00:00<00:00, 
1697.76it/s, 
Materializing param=
encoder.layer.4.atte
ntion.output.dense.b
ias]      
Loading weights:  
70%|######9   | 
72/103 
[00:00<00:00, 
1697.76it/s, 
Materializing param=
encoder.layer.4.atte
ntion.output.dense.b
ias]
Loading weights:  
71%|#######   | 
73/103 
[00:00<00:00, 
1658.72it/s, 
Materializing param=
encoder.layer.4.atte
ntion.output.dense.w
eight]
Loading weights:  
71%|#######   | 
73/103 
[00:00<00:00, 
1658.72it/s, 
Materializing param=
encoder.layer.4.atte
ntion.output.dense.w
eight]
Loading weights:  
72%|#######1  | 
74/103 
[00:00<00:00, 
1681.44it/s, 
Materializing param=
encoder.layer.4.atte
ntion.self.key.bias]
      
Loading weights:  
72%|#######1  | 
74/103 
[00:00<00:00, 
1681.44it/s, 
Materializing param=
encoder.layer.4.atte
ntion.self.key.bias]
Loading weights:  
73%|#######2  | 
75/103 
[00:00<00:00, 
1704.16it/s, 
Materializing param=
encoder.layer.4.atte
ntion.self.key.weigh
t]
Loading weights:  
73%|#######2  | 
75/103 
[00:00<00:00, 
1704.16it/s, 
Materializing param=
encoder.layer.4.atte
ntion.self.key.weigh
t]
Loading weights:  
74%|#######3  | 
76/103 
[00:00<00:00, 
1726.88it/s, 
Materializing param=
encoder.layer.4.atte
ntion.self.query.bia
s]
Loading weights:  
74%|#######3  | 
76/103 
[00:00<00:00, 
1726.88it/s, 
Materializing param=
encoder.layer.4.atte
ntion.self.query.bia
s]
Loading weights:  
75%|#######4  | 
77/103 
[00:00<00:00, 
1749.61it/s, 
Materializing param=
encoder.layer.4.atte
ntion.self.query.wei
ght]
Loading weights:  
75%|#######4  | 
77/103 
[00:00<00:00, 
1749.61it/s, 
Materializing param=
encoder.layer.4.atte
ntion.self.query.wei
ght]
Loading weights:  
76%|#######5  | 
78/103 
[00:00<00:00, 
1772.33it/s, 
Materializing param=
encoder.layer.4.atte
ntion.self.value.bia
s]  
Loading weights:  
76%|#######5  | 
78/103 
[00:00<00:00, 
1772.33it/s, 
Materializing param=
encoder.layer.4.atte
ntion.self.value.bia
s]
Loading weights:  
77%|#######6  | 
79/103 
[00:00<00:00, 
1754.84it/s, 
Materializing param=
encoder.layer.4.atte
ntion.self.value.wei
ght]
Loading weights:  
77%|#######6  | 
79/103 
[00:00<00:00, 
1754.84it/s, 
Materializing param=
encoder.layer.4.atte
ntion.self.value.wei
ght]
Loading weights:  
78%|#######7  | 
80/103 
[00:00<00:00, 
1777.05it/s, 
Materializing param=
encoder.layer.4.inte
rmediate.dense.bias]
    
Loading weights:  
78%|#######7  | 
80/103 
[00:00<00:00, 
1777.05it/s, 
Materializing param=
encoder.layer.4.inte
rmediate.dense.bias]
Loading weights:  
79%|#######8  | 
81/103 
[00:00<00:00, 
1799.26it/s, 
Materializing param=
encoder.layer.4.inte
rmediate.dense.weigh
t]
Loading weights:  
79%|#######8  | 
81/103 
[00:00<00:00, 
1799.26it/s, 
Materializing param=
encoder.layer.4.inte
rmediate.dense.weigh
t]
Loading weights:  
80%|#######9  | 
82/103 
[00:00<00:00, 
1821.48it/s, 
Materializing param=
encoder.layer.4.outp
ut.LayerNorm.bias]  
  
Loading weights:  
80%|#######9  | 
82/103 
[00:00<00:00, 
1821.48it/s, 
Materializing param=
encoder.layer.4.outp
ut.LayerNorm.bias]
Loading weights:  
81%|########  | 
83/103 
[00:00<00:00, 
1843.69it/s, 
Materializing param=
encoder.layer.4.outp
ut.LayerNorm.weight]
Loading weights:  
81%|########  | 
83/103 
[00:00<00:00, 
1843.69it/s, 
Materializing param=
encoder.layer.4.outp
ut.LayerNorm.weight]
Loading weights:  
82%|########1 | 
84/103 
[00:00<00:00, 
1865.90it/s, 
Materializing param=
encoder.layer.4.outp
ut.dense.bias]      
Loading weights:  
82%|########1 | 
84/103 
[00:00<00:00, 
1865.90it/s, 
Materializing param=
encoder.layer.4.outp
ut.dense.bias]
Loading weights:  
83%|########2 | 
85/103 
[00:00<00:00, 
1888.12it/s, 
Materializing param=
encoder.layer.4.outp
ut.dense.weight]
Loading weights:  
83%|########2 | 
85/103 
[00:00<00:00, 
1888.12it/s, 
Materializing param=
encoder.layer.4.outp
ut.dense.weight]
Loading weights:  
83%|########3 | 
86/103 
[00:00<00:00, 
1910.33it/s, 
Materializing param=
encoder.layer.5.atte
ntion.output.LayerNo
rm.bias]
Loading weights:  
83%|########3 | 
86/103 
[00:00<00:00, 
1910.33it/s, 
Materializing param=
encoder.layer.5.atte
ntion.output.LayerNo
rm.bias]
Loading weights:  
84%|########4 | 
87/103 
[00:00<00:00, 
1932.54it/s, 
Materializing param=
encoder.layer.5.atte
ntion.output.LayerNo
rm.weight]
Loading weights:  
84%|########4 | 
87/103 
[00:00<00:00, 
1932.54it/s, 
Materializing param=
encoder.layer.5.atte
ntion.output.LayerNo
rm.weight]
Loading weights:  
85%|########5 | 
88/103 
[00:00<00:00, 
1954.75it/s, 
Materializing param=
encoder.layer.5.atte
ntion.output.dense.b
ias]      
Loading weights:  
85%|########5 | 
88/103 
[00:00<00:00, 
1954.75it/s, 
Materializing param=
encoder.layer.5.atte
ntion.output.dense.b
ias]
Loading weights:  
86%|########6 | 
89/103 
[00:00<00:00, 
1976.97it/s, 
Materializing param=
encoder.layer.5.atte
ntion.output.dense.w
eight]
Loading weights:  
86%|########6 | 
89/103 
[00:00<00:00, 
1976.97it/s, 
Materializing param=
encoder.layer.5.atte
ntion.output.dense.w
eight]
Loading weights:  
87%|########7 | 
90/103 
[00:00<00:00, 
1934.49it/s, 
Materializing param=
encoder.layer.5.atte
ntion.self.key.bias]
      
Loading weights:  
87%|########7 | 
90/103 
[00:00<00:00, 
1934.49it/s, 
Materializing param=
encoder.layer.5.atte
ntion.self.key.bias]
Loading weights:  
88%|########8 | 
91/103 
[00:00<00:00, 
1933.57it/s, 
Materializing param=
encoder.layer.5.atte
ntion.self.key.weigh
t]
Loading weights:  
88%|########8 | 
91/103 
[00:00<00:00, 
1933.57it/s, 
Materializing param=
encoder.layer.5.atte
ntion.self.key.weigh
t]
Loading weights:  
89%|########9 | 
92/103 
[00:00<00:00, 
1954.82it/s, 
Materializing param=
encoder.layer.5.atte
ntion.self.query.bia
s]
Loading weights:  
89%|########9 | 
92/103 
[00:00<00:00, 
1954.82it/s, 
Materializing param=
encoder.layer.5.atte
ntion.self.query.bia
s]
Loading weights:  
90%|######### | 
93/103 
[00:00<00:00, 
1934.80it/s, 
Materializing param=
encoder.layer.5.atte
ntion.self.query.wei
ght]
Loading weights:  
90%|######### | 
93/103 
[00:00<00:00, 
1934.80it/s, 
Materializing param=
encoder.layer.5.atte
ntion.self.query.wei
ght]
Loading weights:  
91%|#########1| 
94/103 
[00:00<00:00, 
1955.60it/s, 
Materializing param=
encoder.layer.5.atte
ntion.self.value.bia
s]  
Loading weights:  
91%|#########1| 
94/103 
[00:00<00:00, 
1955.60it/s, 
Materializing param=
encoder.layer.5.atte
ntion.self.value.bia
s]
Loading weights:  
92%|#########2| 
95/103 
[00:00<00:00, 
1936.03it/s, 
Materializing param=
encoder.layer.5.atte
ntion.self.value.wei
ght]
Loading weights:  
92%|#########2| 
95/103 
[00:00<00:00, 
1936.03it/s, 
Materializing param=
encoder.layer.5.atte
ntion.self.value.wei
ght]
Loading weights:  
93%|#########3| 
96/103 
[00:00<00:00, 
1956.41it/s, 
Materializing param=
encoder.layer.5.inte
rmediate.dense.bias]
    
Loading weights:  
93%|#########3| 
96/103 
[00:00<00:00, 
1956.41it/s, 
Materializing param=
encoder.layer.5.inte
rmediate.dense.bias]
Loading weights:  
94%|#########4| 
97/103 
[00:00<00:00, 
1976.79it/s, 
Materializing param=
encoder.layer.5.inte
rmediate.dense.weigh
t]
Loading weights:  
94%|#########4| 
97/103 
[00:00<00:00, 
1976.79it/s, 
Materializing param=
encoder.layer.5.inte
rmediate.dense.weigh
t]
Loading weights:  
95%|#########5| 
98/103 
[00:00<00:00, 
1997.17it/s, 
Materializing param=
encoder.layer.5.outp
ut.LayerNorm.bias]  
  
Loading weights:  
95%|#########5| 
98/103 
[00:00<00:00, 
1997.17it/s, 
Materializing param=
encoder.layer.5.outp
ut.LayerNorm.bias]
Loading weights:  
96%|#########6| 
99/103 
[00:00<00:00, 
1977.25it/s, 
Materializing param=
encoder.layer.5.outp
ut.LayerNorm.weight]
Loading weights:  
96%|#########6| 
99/103 
[00:00<00:00, 
1977.25it/s, 
Materializing param=
encoder.layer.5.outp
ut.LayerNorm.weight]
Loading weights:  
97%|#########7| 
100/103 
[00:00<00:00, 
1997.22it/s, 
Materializing param=
encoder.layer.5.outp
ut.dense.bias]     
Loading weights:  
97%|#########7| 
100/103 
[00:00<00:00, 
1997.22it/s, 
Materializing param=
encoder.layer.5.outp
ut.dense.bias]
Loading weights:  
98%|#########8| 
101/103 
[00:00<00:00, 
2017.19it/s, 
Materializing param=
encoder.layer.5.outp
ut.dense.weight]
Loading weights:  
98%|#########8| 
101/103 
[00:00<00:00, 
2017.19it/s, 
Materializing param=
encoder.layer.5.outp
ut.dense.weight]
Loading weights:  
99%|#########9| 
102/103 
[00:00<00:00, 
2037.17it/s, 
Materializing param=
pooler.dense.bias]  
                
Loading weights:  
99%|#########9| 
102/103 
[00:00<00:00, 
2037.17it/s, 
Materializing param=
pooler.dense.bias]
Loading weights: 
100%|##########| 
103/103 
[00:00<00:00, 
2016.93it/s, 
Materializing param=
pooler.dense.weight]
Loading weights: 
100%|##########| 
103/103 
[00:00<00:00, 
2016.93it/s, 
Materializing param=
pooler.dense.weight]
Loading weights: 
100%|##########| 
103/103 
[00:00<00:00, 
2016.93it/s, 
Materializing param=
pooler.dense.weight]
[1mBertModel LOAD 
REPORT[0m from: sen
tence-transformers/a
ll-MiniLM-L6-v2
Key                 
    | Status     |  
| 
--------------------
----+------------+--
+-
embeddings.position_
ids | UNEXPECTED |  
| 

[3mNotes:
- UNEXPECTED[3m	
:can be ignored 
when loading from 
different 
task/architecture; 
not ok if you 
expect identical 
arch.[0m
C:\Users\fraza\.gemi
ni\antigravity\Epste
in_files_RAG\test_ra
g.py:15: LangChainDe
precationWarning: 
The class `Chroma` 
was deprecated in 
LangChain 0.2.9 and 
will be removed in 
1.0. An updated 
version of the 
class exists in the 
`langchain-chroma 
package and should 
be used instead. To 
use it run `pip 
install -U 
`langchain-chroma` 
and import as `from 
`langchain_chroma 
import Chroma``.
  vectorstore = Chro
ma(persist_directory
=PERSIST_DIRECTORY, 
embedding_function=e
mbeddings)
Vector store loaded successfully.
Testing retrieval...
FAIL: Error loading/querying vector store: 'VectorStoreRetriever' object has no attribute 'get_relevant_documents'
